[2024-12-07T20:11:06.468Z] [INFO]: Capturing screenshot for https://www.shiseido.com/
[2024-12-07T20:11:30.935Z] [INFO]: Capturing screenshot for https://www.narscosmetics.com/
[2024-12-07T20:11:43.068Z] [INFO]: All screenshots captured successfully.
[2024-12-07T20:11:43.068Z] [INFO]: Screenshots saved locally.
[2024-12-07T20:17:29.508Z] [INFO]: Capturing screenshot for https://www.shiseido.com/
[2024-12-07T20:17:43.547Z] [INFO]: Capturing screenshot for https://www.narscosmetics.com/
[2024-12-07T20:17:56.374Z] [INFO]: All screenshots captured successfully.
[2024-12-07T20:17:56.375Z] [INFO]: Screenshots saved locally.
[2024-12-07T20:21:54.153Z] [INFO]: Capturing screenshot for https://www.shiseido.com/
[2024-12-07T20:22:07.709Z] [INFO]: Capturing screenshot for https://www.narscosmetics.com/
[2024-12-07T20:22:20.521Z] [INFO]: All screenshots captured successfully.
[2024-12-07T20:22:20.521Z] [INFO]: Screenshots saved locally.
[2024-12-07T20:25:15.489Z] [INFO]: Capturing screenshot for https://www.shiseido.com/
[2024-12-07T20:25:23.199Z] [INFO]: Capturing screenshot for https://www.narscosmetics.com/
[2024-12-07T20:25:28.912Z] [INFO]: All screenshots captured successfully.
[2024-12-07T20:25:28.912Z] [INFO]: Screenshots saved locally.
[2024-12-07T20:31:32.938Z] [INFO]: Capturing screenshot for https://www.shiseido.com/
[2024-12-07T20:31:41.839Z] [INFO]: Capturing screenshot for https://www.narscosmetics.com/
[2024-12-07T20:31:48.501Z] [INFO]: All screenshots captured successfully.
[2024-12-07T20:31:48.501Z] [INFO]: Screenshots saved locally.
[2024-12-07T20:32:39.919Z] [INFO]: Capturing screenshot for https://www.shiseido.com/
[2024-12-07T20:32:53.447Z] [INFO]: Capturing screenshot for https://www.narscosmetics.com/
[2024-12-07T20:33:06.904Z] [INFO]: All screenshots captured successfully.
[2024-12-07T20:33:06.904Z] [INFO]: Screenshots saved locally.
[2024-12-07T20:41:02.727Z] [INFO]: Capturing screenshot for https://www.shiseido.com/
[2024-12-07T20:41:17.897Z] [INFO]: Capturing screenshot for https://www.narscosmetics.com/
[2024-12-07T20:41:31.598Z] [INFO]: All screenshots captured successfully.
[2024-12-07T20:41:31.598Z] [INFO]: Screenshots saved locally.
[2024-12-07T20:43:59.353Z] [INFO]: Capturing screenshot for https://www.shiseido.com/
[2024-12-07T20:44:13.251Z] [INFO]: Capturing screenshot for https://www.narscosmetics.com/
[2024-12-07T20:44:27.118Z] [INFO]: All screenshots captured successfully.
[2024-12-07T20:44:27.119Z] [INFO]: Screenshots saved locally.
[2024-12-07T20:45:29.409Z] [INFO]: Capturing screenshot for https://www.shiseido.com/
[2024-12-07T20:45:45.360Z] [INFO]: Capturing screenshot for https://www.narscosmetics.com/
[2024-12-07T20:46:00.545Z] [INFO]: All screenshots captured successfully.
[2024-12-07T20:46:00.546Z] [INFO]: Screenshots saved locally.
[2024-12-07T20:47:55.817Z] [INFO]: Capturing screenshot for https://www.shiseido.com/
[2024-12-07T20:48:10.847Z] [INFO]: Capturing screenshot for https://www.narscosmetics.com/
[2024-12-07T20:48:22.501Z] [INFO]: All screenshots captured successfully.
[2024-12-07T20:48:22.502Z] [INFO]: Screenshots saved locally.
[2024-12-07T20:49:22.061Z] [INFO]: Capturing screenshot for https://www.shiseido.com/
[2024-12-07T20:49:30.502Z] [INFO]: Capturing screenshot for https://www.narscosmetics.com/
[2024-12-07T20:49:43.330Z] [INFO]: All screenshots captured successfully.
[2024-12-07T20:49:43.330Z] [INFO]: Screenshots saved locally.
[2024-12-07T20:50:50.756Z] [INFO]: Capturing screenshot for https://www.shiseido.com/
[2024-12-07T20:51:00.001Z] [INFO]: Capturing screenshot for https://www.narscosmetics.com/
[2024-12-07T20:51:14.435Z] [INFO]: All screenshots captured successfully.
[2024-12-07T20:51:14.436Z] [INFO]: Screenshots saved locally.
[2024-12-07T20:52:22.423Z] [INFO]: Capturing screenshot for https://www.shiseido.com/
[2024-12-07T20:52:35.297Z] [INFO]: Capturing screenshot for https://www.narscosmetics.com/
[2024-12-07T20:52:47.790Z] [INFO]: All screenshots captured successfully.
[2024-12-07T20:52:47.791Z] [INFO]: Screenshots saved locally.
[2024-12-07T20:53:51.327Z] [INFO]: Capturing screenshot for https://www.shiseido.com/
[2024-12-07T20:54:02.440Z] [INFO]: Capturing screenshot for https://www.narscosmetics.com/
[2024-12-07T20:54:16.385Z] [INFO]: All screenshots captured successfully.
[2024-12-07T20:54:16.387Z] [INFO]: Screenshots saved locally.
[2024-12-07T20:55:12.953Z] [INFO]: Capturing screenshot for https://www.shiseido.com/
[2024-12-07T20:55:24.747Z] [INFO]: Capturing screenshot for https://www.narscosmetics.com/
[2024-12-07T20:55:39.420Z] [INFO]: All screenshots captured successfully.
[2024-12-07T20:55:39.421Z] [INFO]: Screenshots saved locally.
[2024-12-07T20:56:37.951Z] [INFO]: Capturing screenshot for https://www.shiseido.com/
[2024-12-07T20:56:50.296Z] [INFO]: Capturing screenshot for https://www.narscosmetics.com/
[2024-12-07T20:57:02.674Z] [INFO]: All screenshots captured successfully.
[2024-12-07T20:57:02.675Z] [INFO]: Screenshots saved locally.
[2024-12-07T22:43:07.364Z] [INFO]: Capturing screenshot for https://www.cnn.com/
[2024-12-07T22:43:39.754Z] [INFO]: Capturing screenshot for https://www.nytimes.com/
[2024-12-07T22:43:53.243Z] [INFO]: All screenshots captured successfully.
[2024-12-07T22:43:53.243Z] [INFO]: Screenshots saved locally.
